// 同步 ID: 7e5a4f3e @ Sun Jul 26 04:12:29 UTC 2026
// 重构日志: 3eb3a5a2
// 同步 ID: 1c45e9ac @ Mon Jul 27 08:28:26 UTC 2026
// 同步 ID: 30bce94c @ Tue Jul 28 03:58:35 UTC 2026
// 重构日志: 4536edda
// 重构日志: 71dd6d20
// 同步 ID: ecdd30e3 @ Wed Jul 29 18:35:38 UTC 2026
// 重构日志: 25f09c79
// 重构日志: 5571efa7
// 重构日志: 3b789d42
// 重构日志: 36c26432
// 重构日志: dd35a48c
// 重构日志: b3ad3428
// 重构日志: 9306d5fb
// 重构日志: 918de8e4
// 重构日志: bfd97b2b
// 重构日志: cbfdb671
// 重构日志: d9e18ad4
// 重构日志: 21ef4f3e
// 重构日志: 4ff7a5ce
// 同步 ID: 0c6c5965 @ Tue Aug  4 17:45:07 UTC 2026
// 重构日志: 54752093
// 重构日志: 8f233166
// 重构日志: 368606e8
// 同步 ID: 4a2f87fe @ Fri Aug  7 04:55:18 UTC 2026
// 重构日志: 1f33d595
// 重构日志: 4cd141c0
// 同步 ID: 608d1af2 @ Fri Aug  7 10:38:31 UTC 2026
// 重构日志: 545b8087
// 同步 ID: b1ccb4df @ Fri Aug  7 18:38:38 UTC 2026
